   Compiling localmotive v0.6.0 (C:\Users\Mubarak\Documents\Projects\localmotive\src-tauri)
    Finished `test` profile [unoptimized + debuginfo] target(s) in 10.94s
     Running unittests src\lib.rs (target\debug\deps\localmotive_lib-694be1a6828a4ecd.exe)

running 4 tests
test core::tests::benchmark_summary_reports_stable_statistics ... ok
test core::tests::benchmark_summary_still_rejects_invalid_samples ... ok
test core::tests::benchmark_summary_preserves_mixed_extreme_samples ... FAILED
test core::tests::benchmark_summary_keeps_extreme_finite_samples_numeric_in_json ... FAILED

failures:

---- core::tests::benchmark_summary_preserves_mixed_extreme_samples stdout ----

thread 'core::tests::benchmark_summary_preserves_mixed_extreme_samples' (1131836) panicked at src\core.rs:4132:9:
assertion failed: (summary.mean_tps / 1e308 - 1.0).abs() <= 4.0 * f64::EPSILON
note: run with `RUST_BACKTRACE=1` environment variable to display a backtrace

---- core::tests::benchmark_summary_keeps_extreme_finite_samples_numeric_in_json stdout ----

thread 'core::tests::benchmark_summary_keeps_extreme_finite_samples_numeric_in_json' (624352) panicked at src\core.rs:4122:21:
assertion `left == right` failed: meanTps
  left: None
 right: Some(1.7976931348623157e308)


failures:
    core::tests::benchmark_summary_keeps_extreme_finite_samples_numeric_in_json
    core::tests::benchmark_summary_preserves_mixed_extreme_samples

test result: FAILED. 2 passed; 2 failed; 0 ignored; 0 measured; 605 filtered out; finished in 0.00s

error: test failed, to rerun pass `--lib`
