   Compiling localmotive v0.6.0 (C:\Users\Mubarak\Documents\Projects\localmotive\src-tauri)
    Finished `test` profile [unoptimized + debuginfo] target(s) in 9.92s
     Running unittests src\lib.rs (target\debug\deps\localmotive_lib-694be1a6828a4ecd.exe)

running 29 tests
test evidence::tests::manifest_requires_a_harness_identity ... ok
test evidence::tests::complete_manifest_requires_a_runtime_snapshot ... ok
test evidence::tests::complete_manifest_requires_a_launch_snapshot ... ok
test evidence::tests::manifest_rejects_a_future_schema ... ok
test core::tests::manifest_arguments_redact_direct_api_keys ... ok
test core::tests::manifest_arguments_fingerprint_sensitive_path_values ... ok
test runtime::tests::content_manifest_paths_reject_ntfs_alternate_streams ... ok
test core::tests::manifest_replay_handles_inline_paths_without_trusting_fingerprint_text ... ok
test evidence::tests::complete_manifest_requires_a_model_identity ... ok
test runtime::tests::catalog_rejects_an_option_when_the_manifest_lacks_a_digest ... ok
test evidence::tests::s12_scope_notes_survive_the_manifest_round_trip_and_default_honestly ... ok
test core::tests::manifest_arguments_fingerprint_all_managed_model_paths ... ok
test core::tests::manifest_replay_matches_legacy_paths_but_not_changed_inputs ... ok
test core::tests::manifest_arguments_do_not_expose_generated_draft_and_adapter_paths ... ok
test runtime::tests::approved_manifest_loads_the_pinned_b10816_pin ... ok
test runtime::tests::manifest_rejects_an_ambiguous_job_to_install_key_mapping ... ok
test runtime::tests::approved_manifest_rejects_an_unbound_compatibility_record ... ok
test runtime::tests::approved_manifest_identity_matches_the_frozen_b10816_release ... ok
test runtime::tests::every_manifest_asset_and_job_matches_the_frozen_b10816_fixtures ... ok
test runtime::tests::manifest_rejects_a_cross_tag_asset_url ... ok
test runtime::tests::manifest_rejects_a_duplicated_asset_name ... ok
test runtime::tests::manifest_observation_time_is_a_valid_utc_timestamp ... ok
test runtime::tests::approved_manifest_rejects_unknown_fields_and_ambiguous_job_mappings ... ok
test runtime::tests::manifest_tag_is_the_single_authoritative_release_tag ... ok
test runtime::tests::manifest_rejects_an_absent_or_malformed_asset_digest ... ok
test runtime::tests::manifest_rejects_a_nonterminal_required_job_state ... ok
test runtime::tests::runtime_manifest_must_describe_the_requested_executable ... ok
test measurement::tests::manifest_persistence_is_atomic_and_round_trips_raw_observations ... ok
test runtime::tests::managed_runtime_manifest_cannot_escape_its_install_directory ... ok

test result: ok. 29 passed; 0 failed; 0 ignored; 0 measured; 574 filtered out; finished in 0.01s

     Running unittests src\main.rs (target\debug\deps\localmotive-7f4f61c092604b5b.exe)

running 0 tests

test result: ok. 0 passed; 0 failed; 0 ignored; 0 measured; 0 filtered out; finished in 0.00s

