
 RUN  v4.1.11 C:/Users/Mubarak/Documents/Projects/localmotive

 ❯ src/App.staleResponses.test.tsx (11 tests | 3 failed | 8 skipped) 437ms
     × keeps a cleared AI trials field blank 229ms
     × keeps a cleared Tokens per measurement field blank 140ms
     × keeps a cleared Repeats per trial field blank 67ms

⎯⎯⎯⎯⎯⎯⎯ Failed Tests 3 ⎯⎯⎯⎯⎯⎯⎯

 FAIL  src/App.staleResponses.test.tsx > tuning numeric inputs > keeps a cleared AI trials field blank
 FAIL  src/App.staleResponses.test.tsx > tuning numeric inputs > keeps a cleared Tokens per measurement field blank
 FAIL  src/App.staleResponses.test.tsx > tuning numeric inputs > keeps a cleared Repeats per trial field blank
AssertionError: expected '0' to be '' // Object.is equality

- Expected
+ Received

+ 0

 ❯ src/App.staleResponses.test.tsx:387:39
    385|   it.each(["AI trials", "Tokens per measurement", "Repeats per trial"]…
    386|     await setInputValue(profileInput(label), "");
    387|     expect(profileInput(label).value).toBe("");
       |                                       ^
    388|   });
    389| });

⎯⎯⎯⎯⎯⎯⎯⎯⎯⎯⎯⎯⎯⎯⎯⎯⎯⎯⎯⎯⎯⎯⎯⎯[1/3]⎯


 Test Files  1 failed (1)
      Tests  3 failed | 8 skipped (11)
   Start at  01:43:41
   Duration  1.89s (transform 298ms, setup 0ms, import 446ms, tests 437ms, environment 864ms)

