
 RUN  v4.1.11 C:/Users/Mubarak/Documents/Projects/localmotive

 ❯ src/App.staleResponses.test.tsx (23 tests | 12 failed | 11 skipped) 1121ms
     × does not dispatch invalid AI trials=0 256ms
     × does not dispatch invalid AI trials=13 145ms
     × does not dispatch invalid AI trials=1.5 75ms
     × does not dispatch invalid AI trials= 76ms
     × does not dispatch invalid Tokens per measurement=63 82ms
     × does not dispatch invalid Tokens per measurement=2049 55ms
     × does not dispatch invalid Tokens per measurement=64.5 54ms
     × does not dispatch invalid Tokens per measurement= 59ms
     × does not dispatch invalid Repeats per trial=0 69ms
     × does not dispatch invalid Repeats per trial=6 68ms
     × does not dispatch invalid Repeats per trial=1.5 41ms
     × does not dispatch invalid Repeats per trial= 139ms

⎯⎯⎯⎯⎯⎯ Failed Tests 12 ⎯⎯⎯⎯⎯⎯⎯

 FAIL  src/App.staleResponses.test.tsx > tuning numeric inputs > does not dispatch invalid AI trials=0
 FAIL  src/App.staleResponses.test.tsx > tuning numeric inputs > does not dispatch invalid AI trials=13
 FAIL  src/App.staleResponses.test.tsx > tuning numeric inputs > does not dispatch invalid AI trials=1.5
 FAIL  src/App.staleResponses.test.tsx > tuning numeric inputs > does not dispatch invalid AI trials=
 FAIL  src/App.staleResponses.test.tsx > tuning numeric inputs > does not dispatch invalid Tokens per measurement=63
 FAIL  src/App.staleResponses.test.tsx > tuning numeric inputs > does not dispatch invalid Tokens per measurement=2049
 FAIL  src/App.staleResponses.test.tsx > tuning numeric inputs > does not dispatch invalid Tokens per measurement=64.5
 FAIL  src/App.staleResponses.test.tsx > tuning numeric inputs > does not dispatch invalid Tokens per measurement=
 FAIL  src/App.staleResponses.test.tsx > tuning numeric inputs > does not dispatch invalid Repeats per trial=0
 FAIL  src/App.staleResponses.test.tsx > tuning numeric inputs > does not dispatch invalid Repeats per trial=6
 FAIL  src/App.staleResponses.test.tsx > tuning numeric inputs > does not dispatch invalid Repeats per trial=1.5
 FAIL  src/App.staleResponses.test.tsx > tuning numeric inputs > does not dispatch invalid Repeats per trial=
AssertionError: expected [ { command: 'start_tuning', …(1) } ] to have a length of +0 but got 1

- Expected
+ Received

- 0
+ 1

 ❯ src/App.staleResponses.test.tsx:397:75
    395|     await setInputValue(profileInput(label), value);
    396|     await click(navButton("Auto-tune fixture"), "the Tune action must …
    397|     expect(invokeCalls.filter((call) => call.command === "start_tuning…
       |                                                                           ^
    398|     expect(navButton("Auto-tune fixture")?.disabled).toBe(true);
    399|     expect(container.querySelector('.tune-screen [role="status"]')?.te…

⎯⎯⎯⎯⎯⎯⎯⎯⎯⎯⎯⎯⎯⎯⎯⎯⎯⎯⎯⎯⎯⎯⎯[1/12]⎯


 Test Files  1 failed (1)
      Tests  12 failed | 11 skipped (23)
   Start at  01:45:01
   Duration  2.54s (transform 296ms, setup 0ms, import 450ms, tests 1.12s, environment 826ms)

