
[2026-09-12T20:37:35.9924405Z] Sandbox lifecycle starting
[2026-09-12T20:37:36.2432860Z] NSIS install: C:\Users\WDAGUtilityAccount\Desktop\shared\Localmotive_0.6.0_x64-setup.exe
[2026-09-12T20:38:21.0811378Z] NSIS fresh install executable version 0.6.0 digest c000e6315cea8591025c715ed9a1e07bc3dd632523fe4570d28245a36e41db0c at C:\Users\WDAGUtilityAccount\AppData\Local\Localmotive\Localmotive.exe
[2026-09-12T20:38:21.0811378Z] Launch smoke: C:\Users\WDAGUtilityAccount\AppData\Local\Localmotive\Localmotive.exe
[2026-09-12T20:38:31.3157589Z] Startup smoke OK: the process survived 8 seconds; this is a startup smoke, not full functional verification
[2026-09-12T20:38:31.3492842Z] NSIS uninstall: C:\Users\WDAGUtilityAccount\AppData\Local\Localmotive\uninstall.exe
[2026-09-12T20:38:35.5685754Z] NSIS fresh path PASS
[2026-09-12T20:38:35.5843234Z] MSI install: C:\Users\WDAGUtilityAccount\Desktop\shared\Localmotive_0.6.0_x64.msi
[2026-09-12T20:40:39.4593629Z] MSI fresh install executable version 0.6.0 digest be0a1e7b6c075532d921e8e10d6483c295e327ad84cab853308ef4fbf0c80405 at C:\Users\WDAGUtilityAccount\AppData\Local\Localmotive\Localmotive.exe
[2026-09-12T20:40:39.4759716Z] Launch smoke: C:\Users\WDAGUtilityAccount\AppData\Local\Localmotive\Localmotive.exe
[2026-09-12T20:40:49.7047829Z] Startup smoke OK: the process survived 8 seconds; this is a startup smoke, not full functional verification
[2026-09-12T20:40:55.3343092Z] MSI uninstall via package: C:\Users\WDAGUtilityAccount\Desktop\shared\Localmotive_0.6.0_x64.msi
[2026-09-12T20:41:01.4690687Z] MSI fresh path PASS
[2026-09-12T20:41:01.4924901Z] NSIS install: C:\Users\WDAGUtilityAccount\Desktop\shared\Localmotive_0.4.0_x64-setup.exe
[2026-09-12T20:41:04.6020961Z] Pre-update install executable version 0.4.0 digest af9f01ac31730798b584efd1aee8f8854e97cc894573106c6935acb0461ebb93 at C:\Users\WDAGUtilityAccount\AppData\Local\Localmotive\Localmotive.exe
[2026-09-12T20:41:04.6186015Z] NSIS install: C:\Users\WDAGUtilityAccount\Desktop\shared\Localmotive_0.6.0_x64-setup.exe
[2026-09-12T20:41:07.7580339Z] Post-update install executable version 0.6.0 digest c000e6315cea8591025c715ed9a1e07bc3dd632523fe4570d28245a36e41db0c at C:\Users\WDAGUtilityAccount\AppData\Local\Localmotive\Localmotive.exe
[2026-09-12T20:41:07.7663149Z] Launch smoke: C:\Users\WDAGUtilityAccount\AppData\Local\Localmotive\Localmotive.exe
[2026-09-12T20:41:18.0051728Z] Startup smoke OK: the process survived 8 seconds; this is a startup smoke, not full functional verification
[2026-09-12T20:41:18.0072105Z] NSIS uninstall: C:\Users\WDAGUtilityAccount\AppData\Local\Localmotive\uninstall.exe
[2026-09-12T20:41:21.9550411Z] NSIS update path PASS
[2026-09-12T20:41:21.9566608Z] NSIS install: C:\Users\WDAGUtilityAccount\Desktop\shared\Localmotive_0.4.0_x64-setup.exe
[2026-09-12T20:41:25.0667728Z] Launch smoke: C:\Users\WDAGUtilityAccount\AppData\Local\Localmotive\Localmotive.exe
[2026-09-12T20:41:35.2428322Z] Startup smoke OK: the process survived 8 seconds; this is a startup smoke, not full functional verification
[2026-09-12T20:41:35.2902318Z] NSIS install: C:\Users\WDAGUtilityAccount\Desktop\shared\Localmotive_0.6.0_x64-setup.exe
[2026-09-12T20:41:38.4299488Z] Preservation upgrade executable version 0.6.0 digest c000e6315cea8591025c715ed9a1e07bc3dd632523fe4570d28245a36e41db0c at C:\Users\WDAGUtilityAccount\AppData\Local\Localmotive\Localmotive.exe
[2026-09-12T20:41:38.4441873Z] Launch smoke: C:\Users\WDAGUtilityAccount\AppData\Local\Localmotive\Localmotive.exe
[2026-09-12T20:41:48.6369036Z] Startup smoke OK: the process survived 8 seconds; this is a startup smoke, not full functional verification
[2026-09-12T20:41:48.7470291Z] NSIS uninstall: C:\Users\WDAGUtilityAccount\AppData\Local\Localmotive\uninstall.exe
[2026-09-12T20:41:52.6485432Z] Preservation path PASS
[2026-09-12T20:41:52.6642077Z] NSIS-family installed payload digest consistent: c000e6315cea8591025c715ed9a1e07bc3dd632523fe4570d28245a36e41db0c
[2026-09-12T20:41:52.6799065Z] OBSERVED: MSI payload digest be0a1e7b6c075532d921e8e10d6483c295e327ad84cab853308ef4fbf0c80405 differs from the NSIS payload digest c000e6315cea8591025c715ed9a1e07bc3dd632523fe4570d28245a36e41db0c
[2026-09-12T20:41:52.7270036Z] ALL PASS
