
 RUN  v4.1.11 C:/Users/Mubarak/Documents/Projects/localmotive

 ❯ src/V03EvidencePanel.cancel.test.tsx (9 tests | 5 failed | 4 skipped) 204ms
     × keeps a cleared Benchmark prompt tokens field blank 50ms
     × keeps a cleared Benchmark generated tokens field blank 40ms
     × keeps a cleared Benchmark warmups field blank 31ms
     × keeps a cleared Benchmark trials field blank 31ms
     × does not treat a blank warmup as permission to skip warmup 50ms

⎯⎯⎯⎯⎯⎯⎯ Failed Tests 5 ⎯⎯⎯⎯⎯⎯⎯

 FAIL  src/V03EvidencePanel.cancel.test.tsx > benchmark workload editing > keeps a cleared Benchmark prompt tokens field blank
 FAIL  src/V03EvidencePanel.cancel.test.tsx > benchmark workload editing > keeps a cleared Benchmark generated tokens field blank
 FAIL  src/V03EvidencePanel.cancel.test.tsx > benchmark workload editing > keeps a cleared Benchmark warmups field blank
 FAIL  src/V03EvidencePanel.cancel.test.tsx > benchmark workload editing > keeps a cleared Benchmark trials field blank
AssertionError: expected '0' to be '' // Object.is equality

- Expected
+ Received

+ 0

 ❯ src/V03EvidencePanel.cancel.test.tsx:232:25
    230|     expect(runButton().disabled, "the running-server fixture must be r…
    231|     const input = await setWorkloadInput(label, "");
    232|     expect(input.value).toBe("");
       |                         ^
    233|     expect(input.checkValidity()).toBe(false);
    234|     expect(runButton().disabled).toBe(true);

⎯⎯⎯⎯⎯⎯⎯⎯⎯⎯⎯⎯⎯⎯⎯⎯⎯⎯⎯⎯⎯⎯⎯⎯[1/5]⎯

 FAIL  src/V03EvidencePanel.cancel.test.tsx > benchmark workload editing > does not treat a blank warmup as permission to skip warmup
AssertionError: expected "vi.fn()" to not be called at all, but actually been called 1 times

Received:

  1st vi.fn() call:

    Array [
      Object {
        "workload": Object {
          "cacheMode": "warm",
          "concurrency": 1,
          "generationTokens": 256,
          "id": "technical-explanation-v1",
          "promptTokens": 512,
          "seed": 42,
          "stream": false,
          "timeoutMs": 600000,
          "trials": 5,
          "warmups": 0,
        },
      },
    ]


Number of calls: 1

 ❯ src/V03EvidencePanel.cancel.test.tsx:246:27
    244|     act(() => clickByText("Run v2 benchmark"));
    245|     await flush();
    246|     expect(benchmark).not.toHaveBeenCalled();
       |                           ^
    247|     expect(runButton().disabled).toBe(true);
    248|     expect(container.querySelector('[aria-label="Workload validation e…

⎯⎯⎯⎯⎯⎯⎯⎯⎯⎯⎯⎯⎯⎯⎯⎯⎯⎯⎯⎯⎯⎯⎯⎯[2/5]⎯


 Test Files  1 failed (1)
      Tests  5 failed | 4 skipped (9)
   Start at  02:22:17
   Duration  1.41s (transform 109ms, setup 0ms, import 172ms, tests 204ms, environment 871ms)

