
 RUN  v4.1.11 C:/Users/Mubarak/Documents/Projects/localmotive

stderr | src/V03EvidencePanel.cancel.test.tsx > benchmark workload editing > keeps a cleared Benchmark prompt tokens field blank
The current testing environment is not configured to support act(...)
The current testing environment is not configured to support act(...)
The current testing environment is not configured to support act(...)

stderr | src/V03EvidencePanel.cancel.test.tsx > benchmark workload editing > keeps a cleared Benchmark prompt tokens field blank
The current testing environment is not configured to support act(...)

stderr | src/V03EvidencePanel.cancel.test.tsx > benchmark workload editing > keeps a cleared Benchmark prompt tokens field blank
The current testing environment is not configured to support act(...)

stderr | src/V03EvidencePanel.cancel.test.tsx > benchmark workload editing > keeps a cleared Benchmark generated tokens field blank
The current testing environment is not configured to support act(...)
The current testing environment is not configured to support act(...)
The current testing environment is not configured to support act(...)

stderr | src/V03EvidencePanel.cancel.test.tsx > benchmark workload editing > keeps a cleared Benchmark generated tokens field blank
The current testing environment is not configured to support act(...)

stderr | src/V03EvidencePanel.cancel.test.tsx > benchmark workload editing > keeps a cleared Benchmark generated tokens field blank
The current testing environment is not configured to support act(...)

stderr | src/V03EvidencePanel.cancel.test.tsx > benchmark workload editing > keeps a cleared Benchmark warmups field blank
The current testing environment is not configured to support act(...)
The current testing environment is not configured to support act(...)
The current testing environment is not configured to support act(...)

stderr | src/V03EvidencePanel.cancel.test.tsx > benchmark workload editing > keeps a cleared Benchmark warmups field blank
The current testing environment is not configured to support act(...)

stderr | src/V03EvidencePanel.cancel.test.tsx > benchmark workload editing > keeps a cleared Benchmark warmups field blank
The current testing environment is not configured to support act(...)

stderr | src/V03EvidencePanel.cancel.test.tsx > benchmark workload editing > keeps a cleared Benchmark trials field blank
The current testing environment is not configured to support act(...)
The current testing environment is not configured to support act(...)
The current testing environment is not configured to support act(...)

stderr | src/V03EvidencePanel.cancel.test.tsx > benchmark workload editing > keeps a cleared Benchmark trials field blank
The current testing environment is not configured to support act(...)

stderr | src/V03EvidencePanel.cancel.test.tsx > benchmark workload editing > keeps a cleared Benchmark trials field blank
The current testing environment is not configured to support act(...)

stderr | src/V03EvidencePanel.cancel.test.tsx > benchmark workload editing > does not treat a blank warmup as permission to skip warmup
The current testing environment is not configured to support act(...)
The current testing environment is not configured to support act(...)
The current testing environment is not configured to support act(...)

stderr | src/V03EvidencePanel.cancel.test.tsx > benchmark workload editing > does not treat a blank warmup as permission to skip warmup
The current testing environment is not configured to support act(...)

stderr | src/V03EvidencePanel.cancel.test.tsx > benchmark workload editing > does not treat a blank warmup as permission to skip warmup
The current testing environment is not configured to support act(...)
The current testing environment is not configured to support act(...)

stderr | src/V03EvidencePanel.cancel.test.tsx > benchmark workload editing > does not treat a blank warmup as permission to skip warmup
The current testing environment is not configured to support act(...)
The current testing environment is not configured to support act(...)

stderr | src/V03EvidencePanel.cancel.test.tsx > benchmark workload editing > does not treat a blank warmup as permission to skip warmup
The current testing environment is not configured to support act(...)

 ❯ src/V03EvidencePanel.cancel.test.tsx (9 tests | 5 failed | 4 skipped) 168ms
     × keeps a cleared Benchmark prompt tokens field blank 53ms
     × keeps a cleared Benchmark generated tokens field blank 26ms
     × keeps a cleared Benchmark warmups field blank 16ms
     × keeps a cleared Benchmark trials field blank 32ms
     × does not treat a blank warmup as permission to skip warmup 41ms

⎯⎯⎯⎯⎯⎯⎯ Failed Tests 5 ⎯⎯⎯⎯⎯⎯⎯

 FAIL  src/V03EvidencePanel.cancel.test.tsx > benchmark workload editing > keeps a cleared Benchmark prompt tokens field blank
 FAIL  src/V03EvidencePanel.cancel.test.tsx > benchmark workload editing > keeps a cleared Benchmark generated tokens field blank
 FAIL  src/V03EvidencePanel.cancel.test.tsx > benchmark workload editing > keeps a cleared Benchmark warmups field blank
 FAIL  src/V03EvidencePanel.cancel.test.tsx > benchmark workload editing > keeps a cleared Benchmark trials field blank
AssertionError: expected '0' to be '' // Object.is equality

- Expected
+ Received

+ 0

 ❯ src/V03EvidencePanel.cancel.test.tsx:229:25
    227|     expect(runButton().disabled, "the running-server fixture must be r…
    228|     const input = await setWorkloadInput(label, "");
    229|     expect(input.value).toBe("");
       |                         ^
    230|   });
    231|

⎯⎯⎯⎯⎯⎯⎯⎯⎯⎯⎯⎯⎯⎯⎯⎯⎯⎯⎯⎯⎯⎯⎯⎯[1/5]⎯

 FAIL  src/V03EvidencePanel.cancel.test.tsx > benchmark workload editing > does not treat a blank warmup as permission to skip warmup
AssertionError: expected "vi.fn()" to not be called at all, but actually been called 1 times

Received:

  1st vi.fn() call:

    Array [
      Object {
        "workload": Object {
          "cacheMode": "warm",
          "concurrency": 1,
          "generationTokens": 256,
          "id": "technical-explanation-v1",
          "promptTokens": 512,
          "seed": 42,
          "stream": false,
          "timeoutMs": 600000,
          "trials": 5,
          "warmups": 0,
        },
      },
    ]


Number of calls: 1

 ❯ src/V03EvidencePanel.cancel.test.tsx:241:27
    239|     act(() => clickByText("Run v2 benchmark"));
    240|     await flush();
    241|     expect(benchmark).not.toHaveBeenCalled();
       |                           ^
    242|     expect(runButton().disabled).toBe(true);
    243|     expect(container.querySelector('[aria-label="Workload validation e…

⎯⎯⎯⎯⎯⎯⎯⎯⎯⎯⎯⎯⎯⎯⎯⎯⎯⎯⎯⎯⎯⎯⎯⎯[2/5]⎯


 Test Files  1 failed (1)
      Tests  5 failed | 4 skipped (9)
   Start at  02:21:20
   Duration  1.33s (transform 108ms, setup 0ms, import 175ms, tests 168ms, environment 845ms)

