{
  "ok": true,
  "entries": [
    {
      "file": "catalog.yml",
      "job": "build",
      "step": 0,
      "uses": "actions/checkout@fbc6f3992d24b796d5a048ff273f7fcc4a7b6c09"
    },
    {
      "file": "catalog.yml",
      "job": "build",
      "step": 1,
      "uses": "actions/setup-node@49933ea5288caeca8642d1e84afbd3f7d6820020"
    },
    {
      "file": "catalog.yml",
      "job": "build",
      "step": 7,
      "uses": "actions/upload-artifact@043fb46d1a93c77aae656e7c1c64a875d1fc6a0a"
    },
    {
      "file": "catalog.yml",
      "job": "sign",
      "step": 0,
      "uses": "actions/checkout@fbc6f3992d24b796d5a048ff273f7fcc4a7b6c09"
    },
    {
      "file": "catalog.yml",
      "job": "sign",
      "step": 1,
      "uses": "actions/setup-node@49933ea5288caeca8642d1e84afbd3f7d6820020"
    },
    {
      "file": "catalog.yml",
      "job": "sign",
      "step": 3,
      "uses": "actions/download-artifact@3e5f45b2cfb9172054b4087a40e8e0b5a5461e7c"
    },
    {
      "file": "catalog.yml",
      "job": "sign",
      "step": 7,
      "uses": "actions/upload-artifact@043fb46d1a93c77aae656e7c1c64a875d1fc6a0a"
    },
    {
      "file": "ci.yml",
      "job": "check",
      "step": 0,
      "uses": "actions/checkout@fbc6f3992d24b796d5a048ff273f7fcc4a7b6c09"
    },
    {
      "file": "ci.yml",
      "job": "check",
      "step": 1,
      "uses": "actions/setup-node@49933ea5288caeca8642d1e84afbd3f7d6820020"
    },
    {
      "file": "ci.yml",
      "job": "check",
      "step": 2,
      "uses": "dtolnay/rust-toolchain@6bed0761d98439e5a578e2877258200ad565ba87"
    },
    {
      "file": "ci.yml",
      "job": "check",
      "step": 3,
      "uses": "swatinem/rust-cache@6323deb102c322ba6fcbdcafc7e3dddab59af2b6"
    },
    {
      "file": "ci.yml",
      "job": "rust-audit",
      "step": 0,
      "uses": "actions/checkout@fbc6f3992d24b796d5a048ff273f7fcc4a7b6c09"
    },
    {
      "file": "ci.yml",
      "job": "rust-audit",
      "step": 1,
      "uses": "dtolnay/rust-toolchain@6bed0761d98439e5a578e2877258200ad565ba87"
    },
    {
      "file": "ci.yml",
      "job": "rust-audit",
      "step": 2,
      "uses": "rustsec/audit-check@69366f33c96575abad1ee0dba8212993eecbe998"
    },
    {
      "file": "ci.yml",
      "job": "package-smoke",
      "step": 0,
      "uses": "actions/checkout@fbc6f3992d24b796d5a048ff273f7fcc4a7b6c09"
    },
    {
      "file": "ci.yml",
      "job": "package-smoke",
      "step": 1,
      "uses": "actions/setup-node@49933ea5288caeca8642d1e84afbd3f7d6820020"
    },
    {
      "file": "ci.yml",
      "job": "package-smoke",
      "step": 2,
      "uses": "dtolnay/rust-toolchain@6bed0761d98439e5a578e2877258200ad565ba87"
    },
    {
      "file": "ci.yml",
      "job": "package-smoke",
      "step": 3,
      "uses": "swatinem/rust-cache@6323deb102c322ba6fcbdcafc7e3dddab59af2b6"
    },
    {
      "file": "ci.yml",
      "job": "pr-check",
      "step": 0,
      "uses": "actions/checkout@fbc6f3992d24b796d5a048ff273f7fcc4a7b6c09"
    },
    {
      "file": "ci.yml",
      "job": "pr-check",
      "step": 1,
      "uses": "actions/setup-node@49933ea5288caeca8642d1e84afbd3f7d6820020"
    },
    {
      "file": "ci.yml",
      "job": "pr-check",
      "step": 2,
      "uses": "dtolnay/rust-toolchain@6bed0761d98439e5a578e2877258200ad565ba87"
    },
    {
      "file": "ci.yml",
      "job": "pr-check",
      "step": 3,
      "uses": "swatinem/rust-cache@6323deb102c322ba6fcbdcafc7e3dddab59af2b6"
    },
    {
      "file": "hardware-qualify.yml",
      "job": "hardware-qualify",
      "step": 1,
      "uses": "actions/checkout@fbc6f3992d24b796d5a048ff273f7fcc4a7b6c09"
    },
    {
      "file": "hardware-qualify.yml",
      "job": "hardware-qualify",
      "step": 5,
      "uses": "actions/upload-artifact@043fb46d1a93c77aae656e7c1c64a875d1fc6a0a"
    },
    {
      "file": "hardware-qualify.yml",
      "job": "runtime-probe",
      "step": 0,
      "uses": "actions/checkout@fbc6f3992d24b796d5a048ff273f7fcc4a7b6c09"
    },
    {
      "file": "hardware-qualify.yml",
      "job": "runtime-probe",
      "step": 1,
      "uses": "dtolnay/rust-toolchain@6bed0761d98439e5a578e2877258200ad565ba87"
    },
    {
      "file": "hardware-qualify.yml",
      "job": "runtime-probe",
      "step": 2,
      "uses": "swatinem/rust-cache@6323deb102c322ba6fcbdcafc7e3dddab59af2b6"
    },
    {
      "file": "hardware-qualify.yml",
      "job": "runtime-probe",
      "step": 4,
      "uses": "actions/upload-artifact@043fb46d1a93c77aae656e7c1c64a875d1fc6a0a"
    },
    {
      "file": "release-promote.yml",
      "job": "gate",
      "step": 1,
      "uses": "actions/checkout@fbc6f3992d24b796d5a048ff273f7fcc4a7b6c09"
    },
    {
      "file": "release-promote.yml",
      "job": "gate",
      "step": 3,
      "uses": "actions/download-artifact@3e5f45b2cfb9172054b4087a40e8e0b5a5461e7c"
    },
    {
      "file": "release-promote.yml",
      "job": "gate",
      "step": 5,
      "uses": "actions/upload-artifact@043fb46d1a93c77aae656e7c1c64a875d1fc6a0a"
    },
    {
      "file": "release-promote.yml",
      "job": "publish",
      "step": 1,
      "uses": "actions/checkout@fbc6f3992d24b796d5a048ff273f7fcc4a7b6c09"
    },
    {
      "file": "release-promote.yml",
      "job": "publish",
      "step": 3,
      "uses": "actions/download-artifact@3e5f45b2cfb9172054b4087a40e8e0b5a5461e7c"
    },
    {
      "file": "release-promote.yml",
      "job": "publish",
      "step": 6,
      "uses": "softprops/action-gh-release@3bb12739c298aeb8a4eeaf626c5b8d85266b0e65"
    },
    {
      "file": "release-promote.yml",
      "job": "publish",
      "step": 8,
      "uses": "actions/upload-artifact@043fb46d1a93c77aae656e7c1c64a875d1fc6a0a"
    },
    {
      "file": "release-promote.yml",
      "job": "publish",
      "step": 9,
      "uses": "actions/upload-artifact@043fb46d1a93c77aae656e7c1c64a875d1fc6a0a"
    },
    {
      "file": "release.yml",
      "job": "resolve",
      "step": 1,
      "uses": "actions/checkout@fbc6f3992d24b796d5a048ff273f7fcc4a7b6c09"
    },
    {
      "file": "release.yml",
      "job": "resolve",
      "step": 2,
      "uses": "actions/setup-node@49933ea5288caeca8642d1e84afbd3f7d6820020"
    },
    {
      "file": "release.yml",
      "job": "rust-audit",
      "step": 1,
      "uses": "actions/checkout@fbc6f3992d24b796d5a048ff273f7fcc4a7b6c09"
    },
    {
      "file": "release.yml",
      "job": "rust-audit",
      "step": 2,
      "uses": "dtolnay/rust-toolchain@6bed0761d98439e5a578e2877258200ad565ba87"
    },
    {
      "file": "release.yml",
      "job": "rust-audit",
      "step": 3,
      "uses": "rustsec/audit-check@69366f33c96575abad1ee0dba8212993eecbe998"
    },
    {
      "file": "release.yml",
      "job": "verify",
      "step": 1,
      "uses": "actions/checkout@fbc6f3992d24b796d5a048ff273f7fcc4a7b6c09"
    },
    {
      "file": "release.yml",
      "job": "verify",
      "step": 3,
      "uses": "actions/setup-node@49933ea5288caeca8642d1e84afbd3f7d6820020"
    },
    {
      "file": "release.yml",
      "job": "verify",
      "step": 4,
      "uses": "dtolnay/rust-toolchain@6bed0761d98439e5a578e2877258200ad565ba87"
    },
    {
      "file": "release.yml",
      "job": "verify",
      "step": 5,
      "uses": "swatinem/rust-cache@6323deb102c322ba6fcbdcafc7e3dddab59af2b6"
    },
    {
      "file": "release.yml",
      "job": "verify",
      "step": 26,
      "uses": "actions/upload-artifact@043fb46d1a93c77aae656e7c1c64a875d1fc6a0a"
    },
    {
      "file": "release.yml",
      "job": "verify",
      "step": 27,
      "uses": "actions/upload-artifact@043fb46d1a93c77aae656e7c1c64a875d1fc6a0a"
    }
  ],
  "failures": []
}
