{
  "scope": "Working-tree UI diagnostic; not release qualification",
  "startedAt": "2026-09-19T20:38:59.226Z",
  "source": "bdb3c14c9170f0342ba0384738e2ffd23062970d",
  "sourceDirty": true,
  "executable": "C:\\Users\\Mubarak\\Documents\\Projects\\localmotive\\src-tauri\\target\\release\\localmotive.exe",
  "sha256": "be4894a6a0f003ff4cecf6891fe2f7e13dd842f82f2c1f07a28b6364d6be2f5f",
  "checks": [
    {
      "id": "uninspected-speculation",
      "status": "PASS",
      "evidence": {
        "disabled": true,
        "values": [
          "none"
        ],
        "invalidChildren": 0
      }
    },
    {
      "id": "numeric-domains",
      "status": "PASS",
      "evidence": {
        "count": 41,
        "unbounded": 0
      }
    },
    {
      "id": "invalid-tuning-workload-refused-before-runtime",
      "status": "PASS",
      "evidence": {
        "message": "Tuning tokens must be between 64 and 2048"
      }
    },
    {
      "id": "raw-file-flags-require-profile-fields",
      "status": "PASS",
      "evidence": {
        "rejectedFlags": [
          "--lora",
          "--lora-scaled",
          "--mmproj"
        ]
      }
    },
    {
      "id": "invalid-benchmark-workload-refused-before-server",
      "status": "PASS",
      "evidence": {
        "message": "Tokens must be between 64 and 4096"
      }
    },
    {
      "id": "read_gguf_summary-rejects-junction",
      "status": "PASS",
      "evidence": {
        "refusedBeforeReading": true
      }
    },
    {
      "id": "inspect_model_artifact-rejects-junction",
      "status": "PASS",
      "evidence": {
        "refusedBeforeReading": true
      }
    },
    {
      "id": "invalid-save-refused",
      "status": "PASS",
      "evidence": {
        "persistedProfiles": 0
      }
    },
    {
      "id": "invalid-control-start-refused",
      "status": "PASS",
      "evidence": {
        "phase": "idle",
        "pid": null
      }
    },
    {
      "id": "blank-number-not-zero",
      "status": "PASS",
      "evidence": {
        "value": ""
      }
    },
    {
      "id": "corrected-profile-save",
      "status": "PASS",
      "evidence": {
        "context": 4096,
        "port": 8080
      }
    },
    {
      "id": "manual-update-disclosure",
      "status": "PASS",
      "evidence": {
        "button": true,
        "manual": true
      }
    },
    {
      "id": "about-mobile-layout",
      "status": "PASS",
      "evidence": {
        "width": 360,
        "scrollWidth": 350,
        "undersized": 0,
        "buttons": 6
      }
    },
    {
      "id": "uncaught-ui-errors",
      "status": "PASS",
      "evidence": {
        "count": 0
      }
    }
  ],
  "cleanup": "PASS",
  "finishedAt": "2026-09-19T20:39:00.976Z",
  "status": "PASS"
}
