{
  "scope": "Working-tree UI diagnostic; not release qualification",
  "startedAt": "2026-09-19T20:34:48.692Z",
  "source": "bdb3c14c9170f0342ba0384738e2ffd23062970d",
  "sourceDirty": true,
  "executable": "C:\\Users\\Mubarak\\Documents\\Projects\\localmotive\\src-tauri\\target\\release\\localmotive.exe",
  "sha256": "badbfa60cbe7a32157a380ca17e4e5a05acc37b7a4b5b43c4dc2f77ef3d73883",
  "checks": [
    {
      "id": "uninspected-speculation",
      "status": "PASS",
      "evidence": {
        "disabled": true,
        "values": [
          "none"
        ],
        "invalidChildren": 0
      }
    },
    {
      "id": "numeric-domains",
      "status": "PASS",
      "evidence": {
        "count": 41,
        "unbounded": 0
      }
    },
    {
      "id": "invalid-tuning-workload-refused-before-runtime",
      "status": "PASS",
      "evidence": {
        "message": "Tuning tokens must be between 64 and 2048"
      }
    },
    {
      "id": "raw-file-flags-require-profile-fields",
      "status": "FAIL",
      "error": "Raw file flags escaped their profile controls: [{\"flag\":\"--lora\",\"accepted\":true},{\"flag\":\"--lora-scaled\",\"accepted\":true},{\"flag\":\"--mmproj\",\"accepted\":true}]"
    }
  ],
  "error": "Raw file flags escaped their profile controls: [{\"flag\":\"--lora\",\"accepted\":true},{\"flag\":\"--lora-scaled\",\"accepted\":true},{\"flag\":\"--mmproj\",\"accepted\":true}]",
  "cleanup": "PASS",
  "finishedAt": "2026-09-19T20:34:50.140Z",
  "status": "FAIL"
}
