   Compiling localmotive v0.6.0 (C:\Users\Mubarak\Documents\Projects\localmotive\src-tauri)
    Finished `test` profile [unoptimized + debuginfo] target(s) in 9.64s
     Running unittests src\lib.rs (target\debug\deps\localmotive_lib-694be1a6828a4ecd.exe)

running 5 tests
test core::tests::benchmark_summary_still_rejects_invalid_samples ... ok
test core::tests::benchmark_summary_reports_stable_statistics ... ok
test core::tests::benchmark_summary_preserves_mixed_extreme_samples ... ok
test core::tests::benchmark_summary_even_mixed_extremes_keep_the_expected_median ... ok
test core::tests::benchmark_summary_keeps_extreme_finite_samples_numeric_in_json ... ok

test result: ok. 5 passed; 0 failed; 0 ignored; 0 measured; 608 filtered out; finished in 0.00s

     Running unittests src\main.rs (target\debug\deps\localmotive-7f4f61c092604b5b.exe)

running 0 tests

test result: ok. 0 passed; 0 failed; 0 ignored; 0 measured; 0 filtered out; finished in 0.00s

    Finished `test` profile [unoptimized + debuginfo] target(s) in 0.51s
     Running unittests src\lib.rs (target\debug\deps\localmotive_lib-694be1a6828a4ecd.exe)

running 4 tests
test measurement::tests::metric_summary_preserves_subnormal_medians ... ok
test measurement::tests::metric_summary_remains_finite_for_large_finite_observations ... ok
test measurement::tests::metric_summary_reports_median_separately_from_nearest_rank_p50 ... ok
test measurement::tests::metric_summary_extremes_serialize_as_numbers ... ok

test result: ok. 4 passed; 0 failed; 0 ignored; 0 measured; 609 filtered out; finished in 0.00s

     Running unittests src\main.rs (target\debug\deps\localmotive-7f4f61c092604b5b.exe)

running 0 tests

test result: ok. 0 passed; 0 failed; 0 ignored; 0 measured; 0 filtered out; finished in 0.00s

    Finished `test` profile [unoptimized + debuginfo] target(s) in 0.46s
     Running unittests src\lib.rs (target\debug\deps\localmotive_lib-694be1a6828a4ecd.exe)

running 3 tests
test tune::tests::trial_std_dev_near_equal_samples_has_bounded_absolute_roundoff ... ok
test tune::tests::trial_std_dev_keeps_constant_extreme_samples_at_zero ... ok
test tune::tests::trial_std_dev_retains_sample_variance_across_scales ... ok

test result: ok. 3 passed; 0 failed; 0 ignored; 0 measured; 610 filtered out; finished in 0.00s

     Running unittests src\main.rs (target\debug\deps\localmotive-7f4f61c092604b5b.exe)

running 0 tests

test result: ok. 0 passed; 0 failed; 0 ignored; 0 measured; 0 filtered out; finished in 0.00s

    Finished `test` profile [unoptimized + debuginfo] target(s) in 0.46s
     Running unittests src\lib.rs (target\debug\deps\localmotive_lib-694be1a6828a4ecd.exe)

running 1 test
test tune::tests::trial_statistics_extremes_serialize_as_numbers ... ok

test result: ok. 1 passed; 0 failed; 0 ignored; 0 measured; 612 filtered out; finished in 0.00s

     Running unittests src\main.rs (target\debug\deps\localmotive-7f4f61c092604b5b.exe)

running 0 tests

test result: ok. 0 passed; 0 failed; 0 ignored; 0 measured; 0 filtered out; finished in 0.00s

