
[2026-09-12T01:19:29.0112760Z] Sandbox lifecycle starting
[2026-09-12T01:19:29.2635888Z] NSIS install: C:\Users\WDAGUtilityAccount\Desktop\shared\Localmotive_0.6.0_x64-setup.exe
[2026-09-12T01:20:29.1049136Z] NSIS fresh install executable version 0.6.0 digest af941914e46152cf18e738014872b10d6c1a8a840e7798ca145d624a716f678e at C:\Users\WDAGUtilityAccount\AppData\Local\Localmotive\Localmotive.exe
[2026-09-12T01:20:29.1164179Z] Launch smoke: C:\Users\WDAGUtilityAccount\AppData\Local\Localmotive\Localmotive.exe
[2026-09-12T01:20:39.3563409Z] Startup smoke OK: the process survived 8 seconds; this is a startup smoke, not full functional verification
[2026-09-12T01:20:39.3720724Z] NSIS uninstall: C:\Users\WDAGUtilityAccount\AppData\Local\Localmotive\uninstall.exe
[2026-09-12T01:20:43.4418850Z] NSIS fresh path PASS
[2026-09-12T01:20:43.4453593Z] MSI install: C:\Users\WDAGUtilityAccount\Desktop\shared\Localmotive_0.6.0_x64.msi
[2026-09-12T01:22:47.3366503Z] MSI fresh install executable version 0.6.0 digest 226f66dcd95ee6e43ecb0e3a394850dec9b343923116ca6d23e510b60584bf9a at C:\Users\WDAGUtilityAccount\AppData\Local\Localmotive\Localmotive.exe
[2026-09-12T01:22:47.3422251Z] Launch smoke: C:\Users\WDAGUtilityAccount\AppData\Local\Localmotive\Localmotive.exe
[2026-09-12T01:22:57.5510015Z] Startup smoke OK: the process survived 8 seconds; this is a startup smoke, not full functional verification
[2026-09-12T01:22:57.5524607Z] MSI uninstall via package: C:\Users\WDAGUtilityAccount\Desktop\shared\Localmotive_0.6.0_x64.msi
[2026-09-12T01:23:03.4201273Z] MSI fresh path PASS
[2026-09-12T01:23:03.4271105Z] NSIS install: C:\Users\WDAGUtilityAccount\Desktop\shared\Localmotive_0.4.0_x64-setup.exe
[2026-09-12T01:23:06.5617068Z] Pre-update install executable version 0.4.0 digest af9f01ac31730798b584efd1aee8f8854e97cc894573106c6935acb0461ebb93 at C:\Users\WDAGUtilityAccount\AppData\Local\Localmotive\Localmotive.exe
[2026-09-12T01:23:06.5673393Z] NSIS install: C:\Users\WDAGUtilityAccount\Desktop\shared\Localmotive_0.6.0_x64-setup.exe
[2026-09-12T01:23:09.6957385Z] Post-update install executable version 0.6.0 digest af941914e46152cf18e738014872b10d6c1a8a840e7798ca145d624a716f678e at C:\Users\WDAGUtilityAccount\AppData\Local\Localmotive\Localmotive.exe
[2026-09-12T01:23:09.7015114Z] Launch smoke: C:\Users\WDAGUtilityAccount\AppData\Local\Localmotive\Localmotive.exe
[2026-09-12T01:23:19.9123596Z] Startup smoke OK: the process survived 8 seconds; this is a startup smoke, not full functional verification
[2026-09-12T01:23:19.9142566Z] NSIS uninstall: C:\Users\WDAGUtilityAccount\AppData\Local\Localmotive\uninstall.exe
[2026-09-12T01:23:23.6400887Z] NSIS update path PASS
[2026-09-12T01:23:23.6400887Z] NSIS install: C:\Users\WDAGUtilityAccount\Desktop\shared\Localmotive_0.4.0_x64-setup.exe
[2026-09-12T01:23:26.7452708Z] Launch smoke: C:\Users\WDAGUtilityAccount\AppData\Local\Localmotive\Localmotive.exe
[2026-09-12T01:23:36.9182658Z] Startup smoke OK: the process survived 8 seconds; this is a startup smoke, not full functional verification
[2026-09-12T01:23:36.9340098Z] NSIS install: C:\Users\WDAGUtilityAccount\Desktop\shared\Localmotive_0.6.0_x64-setup.exe
[2026-09-12T01:23:40.0684058Z] Preservation upgrade executable version 0.6.0 digest af941914e46152cf18e738014872b10d6c1a8a840e7798ca145d624a716f678e at C:\Users\WDAGUtilityAccount\AppData\Local\Localmotive\Localmotive.exe
[2026-09-12T01:23:40.0751398Z] Launch smoke: C:\Users\WDAGUtilityAccount\AppData\Local\Localmotive\Localmotive.exe
[2026-09-12T01:23:50.2809229Z] Startup smoke OK: the process survived 8 seconds; this is a startup smoke, not full functional verification
[2026-09-12T01:23:50.2828699Z] NSIS uninstall: C:\Users\WDAGUtilityAccount\AppData\Local\Localmotive\uninstall.exe
[2026-09-12T01:23:54.0522786Z] Preservation path PASS
[2026-09-12T01:23:54.0675971Z] NSIS-family installed payload digest consistent: af941914e46152cf18e738014872b10d6c1a8a840e7798ca145d624a716f678e
[2026-09-12T01:23:54.0841707Z] OBSERVED: MSI payload digest 226f66dcd95ee6e43ecb0e3a394850dec9b343923116ca6d23e510b60584bf9a differs from the NSIS payload digest af941914e46152cf18e738014872b10d6c1a8a840e7798ca145d624a716f678e
[2026-09-12T01:23:54.1147351Z] ALL PASS
