
[2026-09-20T11:24:39.0023211Z] Sandbox lifecycle starting
[2026-09-20T11:24:39.1290536Z] Configured the application-scoped machine browser argument for the elevated guest; Sandbox destruction removes it
[2026-09-20T11:24:39.3043015Z] NSIS install: C:\Users\WDAGUtilityAccount\Desktop\shared\Localmotive_0.6.0_x64-setup.exe
[2026-09-20T11:25:43.2263481Z] NSIS fresh install executable version 0.6.0 digest d9a68b37fd8a599f102025c72433dba2d5de4c907cbe40c77c0201517110bf34 at C:\Users\WDAGUtilityAccount\AppData\Local\Localmotive\Localmotive.exe
[2026-09-20T11:25:43.2417801Z] NSIS fresh install launch probe: C:\Users\WDAGUtilityAccount\AppData\Local\Localmotive\Localmotive.exe
[2026-09-20T11:25:51.9917939Z] NSIS fresh install launch probe OK: process survived 8 s; rendered shell navButtons=8 bodyChars=6745 managedControls=True
[2026-09-20T11:25:52.0078282Z] NSIS uninstall: C:\Users\WDAGUtilityAccount\AppData\Local\Localmotive\uninstall.exe
[2026-09-20T11:25:56.2410179Z] NSIS fresh path PASS
[2026-09-20T11:25:56.2558401Z] MSI install: C:\Users\WDAGUtilityAccount\Desktop\shared\Localmotive_0.6.0_x64.msi
[2026-09-20T11:28:00.1792012Z] MSI fresh install executable version 0.6.0 digest 6cb345706fa7f91f3c35f3223e7fdc095c8ee1865ae28350df99d21401b54157 at C:\Users\WDAGUtilityAccount\AppData\Local\Localmotive\Localmotive.exe
[2026-09-20T11:28:00.1920108Z] MSI fresh install launch probe: C:\Users\WDAGUtilityAccount\AppData\Local\Localmotive\Localmotive.exe
[2026-09-20T11:28:08.4081900Z] MSI fresh install launch probe OK: process survived 8 s; rendered shell navButtons=8 bodyChars=6745 managedControls=True
[2026-09-20T11:28:08.4190400Z] MSI uninstall via package: C:\Users\WDAGUtilityAccount\Desktop\shared\Localmotive_0.6.0_x64.msi
[2026-09-20T11:28:14.4280538Z] MSI fresh path PASS
[2026-09-20T11:28:14.4280538Z] NSIS install: C:\Users\WDAGUtilityAccount\Desktop\shared\Localmotive_0.5.0_x64-setup.exe
[2026-09-20T11:28:17.5853133Z] Pre-update install executable version 0.5.0 digest 67f70fc399d1c31bcd573390042a49c97e8699beeb21759591b93a678a11ee76 at C:\Users\WDAGUtilityAccount\AppData\Local\Localmotive\Localmotive.exe
[2026-09-20T11:28:17.5897731Z] NSIS install: C:\Users\WDAGUtilityAccount\Desktop\shared\Localmotive_0.6.0_x64-setup.exe
[2026-09-20T11:28:20.7223931Z] Post-update install executable version 0.6.0 digest d9a68b37fd8a599f102025c72433dba2d5de4c907cbe40c77c0201517110bf34 at C:\Users\WDAGUtilityAccount\AppData\Local\Localmotive\Localmotive.exe
[2026-09-20T11:28:20.7300436Z] Post-update install launch probe: C:\Users\WDAGUtilityAccount\AppData\Local\Localmotive\Localmotive.exe
[2026-09-20T11:28:28.9449836Z] Post-update install launch probe OK: process survived 8 s; rendered shell navButtons=8 bodyChars=6745 managedControls=True
[2026-09-20T11:28:28.9449836Z] NSIS uninstall: C:\Users\WDAGUtilityAccount\AppData\Local\Localmotive\uninstall.exe
[2026-09-20T11:28:32.7650330Z] NSIS update path PASS
[2026-09-20T11:28:32.7650330Z] NSIS install: C:\Users\WDAGUtilityAccount\Desktop\shared\Localmotive_0.5.0_x64-setup.exe
[2026-09-20T11:28:35.8878607Z] Preservation baseline launch probe: C:\Users\WDAGUtilityAccount\AppData\Local\Localmotive\Localmotive.exe
[2026-09-20T11:28:44.1051737Z] Preservation baseline launch probe OK: process survived 8 s; rendered shell navButtons=8 bodyChars=6725 managedControls=True
[2026-09-20T11:28:44.1366039Z] NSIS install: C:\Users\WDAGUtilityAccount\Desktop\shared\Localmotive_0.6.0_x64-setup.exe
[2026-09-20T11:28:47.2912874Z] Preservation upgrade executable version 0.6.0 digest d9a68b37fd8a599f102025c72433dba2d5de4c907cbe40c77c0201517110bf34 at C:\Users\WDAGUtilityAccount\AppData\Local\Localmotive\Localmotive.exe
[2026-09-20T11:28:47.3041162Z] Preservation upgrade launch probe: C:\Users\WDAGUtilityAccount\AppData\Local\Localmotive\Localmotive.exe
[2026-09-20T11:28:55.5014742Z] Preservation upgrade launch probe OK: process survived 8 s; rendered shell navButtons=8 bodyChars=6745 managedControls=True
[2026-09-20T11:28:55.5172554Z] NSIS uninstall: C:\Users\WDAGUtilityAccount\AppData\Local\Localmotive\uninstall.exe
[2026-09-20T11:28:59.4618010Z] Preservation path PASS
[2026-09-20T11:28:59.4822891Z] NSIS-family installed payload digest consistent: d9a68b37fd8a599f102025c72433dba2d5de4c907cbe40c77c0201517110bf34
[2026-09-20T11:28:59.4938252Z] OBSERVED: MSI payload digest 6cb345706fa7f91f3c35f3223e7fdc095c8ee1865ae28350df99d21401b54157 differs from the NSIS payload digest d9a68b37fd8a599f102025c72433dba2d5de4c907cbe40c77c0201517110bf34
[2026-09-20T11:28:59.5094985Z] ALL PASS
