
[2026-09-11T17:14:35.0265811Z] Sandbox lifecycle starting
[2026-09-11T17:14:35.2633265Z] NSIS install: C:\Users\WDAGUtilityAccount\Desktop\shared\Localmotive_0.6.0_x64-setup.exe
[2026-09-11T17:15:26.1210904Z] NSIS fresh install executable version 0.6.0 digest fa28dadd9629086a82dd624af3954ed37c49b74e7ce37991ef8c783dc5806eff at C:\Users\WDAGUtilityAccount\AppData\Local\Localmotive\Localmotive.exe
[2026-09-11T17:15:26.1377226Z] Launch smoke: C:\Users\WDAGUtilityAccount\AppData\Local\Localmotive\Localmotive.exe
[2026-09-11T17:15:36.3789555Z] Startup smoke OK: the process survived 8 seconds; this is a startup smoke, not full functional verification
[2026-09-11T17:15:36.3967341Z] NSIS uninstall: C:\Users\WDAGUtilityAccount\AppData\Local\Localmotive\uninstall.exe
[2026-09-11T17:15:40.4652348Z] NSIS fresh path PASS
[2026-09-11T17:15:40.4800618Z] MSI install: C:\Users\WDAGUtilityAccount\Desktop\shared\Localmotive_0.6.0_x64.msi
[2026-09-11T17:17:44.4784272Z] MSI fresh install executable version 0.6.0 digest 70d2fee239d6170298d702f15aea82c2b0ede19199f2a460d73638170de67c21 at C:\Users\WDAGUtilityAccount\AppData\Local\Localmotive\Localmotive.exe
[2026-09-11T17:17:44.4851523Z] Launch smoke: C:\Users\WDAGUtilityAccount\AppData\Local\Localmotive\Localmotive.exe
[2026-09-11T17:17:54.7179860Z] Startup smoke OK: the process survived 8 seconds; this is a startup smoke, not full functional verification
[2026-09-11T17:17:54.7189851Z] MSI uninstall via package: C:\Users\WDAGUtilityAccount\Desktop\shared\Localmotive_0.6.0_x64.msi
[2026-09-11T17:18:00.5469546Z] MSI fresh path PASS
[2026-09-11T17:18:00.5593067Z] NSIS install: C:\Users\WDAGUtilityAccount\Desktop\shared\Localmotive_0.4.1_x64-setup.exe
[2026-09-11T17:18:03.6884075Z] Pre-update install executable version 0.4.1 digest 71e821fd995d53af1f73483b7d4d10c16f5ea7afb7825051bee7b65357ee7a63 at C:\Users\WDAGUtilityAccount\AppData\Local\Localmotive\Localmotive.exe
[2026-09-11T17:18:03.6942818Z] NSIS install: C:\Users\WDAGUtilityAccount\Desktop\shared\Localmotive_0.6.0_x64-setup.exe
[2026-09-11T17:18:06.8273844Z] Post-update install executable version 0.6.0 digest fa28dadd9629086a82dd624af3954ed37c49b74e7ce37991ef8c783dc5806eff at C:\Users\WDAGUtilityAccount\AppData\Local\Localmotive\Localmotive.exe
[2026-09-11T17:18:06.8373725Z] Launch smoke: C:\Users\WDAGUtilityAccount\AppData\Local\Localmotive\Localmotive.exe
[2026-09-11T17:18:17.0167618Z] Startup smoke OK: the process survived 8 seconds; this is a startup smoke, not full functional verification
[2026-09-11T17:18:17.0167618Z] NSIS uninstall: C:\Users\WDAGUtilityAccount\AppData\Local\Localmotive\uninstall.exe
[2026-09-11T17:18:20.7892571Z] NSIS update path PASS
[2026-09-11T17:18:20.7892571Z] NSIS install: C:\Users\WDAGUtilityAccount\Desktop\shared\Localmotive_0.4.1_x64-setup.exe
[2026-09-11T17:18:23.8955214Z] Launch smoke: C:\Users\WDAGUtilityAccount\AppData\Local\Localmotive\Localmotive.exe
[2026-09-11T17:18:34.0654088Z] Startup smoke OK: the process survived 8 seconds; this is a startup smoke, not full functional verification
[2026-09-11T17:18:34.0812329Z] NSIS install: C:\Users\WDAGUtilityAccount\Desktop\shared\Localmotive_0.6.0_x64-setup.exe
[2026-09-11T17:18:37.2351918Z] Preservation upgrade executable version 0.6.0 digest fa28dadd9629086a82dd624af3954ed37c49b74e7ce37991ef8c783dc5806eff at C:\Users\WDAGUtilityAccount\AppData\Local\Localmotive\Localmotive.exe
[2026-09-11T17:18:37.2437540Z] Launch smoke: C:\Users\WDAGUtilityAccount\AppData\Local\Localmotive\Localmotive.exe
[2026-09-11T17:18:47.4373340Z] Startup smoke OK: the process survived 8 seconds; this is a startup smoke, not full functional verification
[2026-09-11T17:18:47.4387354Z] NSIS uninstall: C:\Users\WDAGUtilityAccount\AppData\Local\Localmotive\uninstall.exe
[2026-09-11T17:18:51.1790889Z] Preservation path PASS
[2026-09-11T17:18:51.2101781Z] NSIS-family installed payload digest consistent: fa28dadd9629086a82dd624af3954ed37c49b74e7ce37991ef8c783dc5806eff
[2026-09-11T17:18:51.2163068Z] OBSERVED: MSI payload digest 70d2fee239d6170298d702f15aea82c2b0ede19199f2a460d73638170de67c21 differs from the NSIS payload digest fa28dadd9629086a82dd624af3954ed37c49b74e7ce37991ef8c783dc5806eff
[2026-09-11T17:18:51.2572226Z] ALL PASS
