
[2026-09-11T22:31:44.3054213Z] Sandbox lifecycle starting
[2026-09-11T22:31:44.5402449Z] NSIS install: C:\Users\WDAGUtilityAccount\Desktop\shared\Localmotive_0.6.0_x64-setup.exe
[2026-09-11T22:32:34.3527676Z] NSIS fresh install executable version 0.6.0 digest 901e9f9514133464d65369157ce88c33e8f2d39f1a80b6a1edb0769665b3f3cd at C:\Users\WDAGUtilityAccount\AppData\Local\Localmotive\Localmotive.exe
[2026-09-11T22:32:34.3565578Z] Launch smoke: C:\Users\WDAGUtilityAccount\AppData\Local\Localmotive\Localmotive.exe
[2026-09-11T22:32:44.5798324Z] Startup smoke OK: the process survived 8 seconds; this is a startup smoke, not full functional verification
[2026-09-11T22:32:44.6119589Z] NSIS uninstall: C:\Users\WDAGUtilityAccount\AppData\Local\Localmotive\uninstall.exe
[2026-09-11T22:32:48.7414908Z] NSIS fresh path PASS
[2026-09-11T22:32:48.7414908Z] MSI install: C:\Users\WDAGUtilityAccount\Desktop\shared\Localmotive_0.6.0_x64.msi
[2026-09-11T22:34:52.7681172Z] MSI fresh install executable version 0.6.0 digest bfd8999e042d59c86efe640c755e7c90e876de711fbc0f813f339e95b61325d2 at C:\Users\WDAGUtilityAccount\AppData\Local\Localmotive\Localmotive.exe
[2026-09-11T22:34:52.7711534Z] Launch smoke: C:\Users\WDAGUtilityAccount\AppData\Local\Localmotive\Localmotive.exe
[2026-09-11T22:35:02.9825841Z] Startup smoke OK: the process survived 8 seconds; this is a startup smoke, not full functional verification
[2026-09-11T22:35:02.9844448Z] MSI uninstall via package: C:\Users\WDAGUtilityAccount\Desktop\shared\Localmotive_0.6.0_x64.msi
[2026-09-11T22:35:08.8074819Z] MSI fresh path PASS
[2026-09-11T22:35:08.8231742Z] NSIS install: C:\Users\WDAGUtilityAccount\Desktop\shared\Localmotive_0.5.0_x64-setup.exe
[2026-09-11T22:35:11.9608742Z] Pre-update install executable version 0.5.0 digest 67f70fc399d1c31bcd573390042a49c97e8699beeb21759591b93a678a11ee76 at C:\Users\WDAGUtilityAccount\AppData\Local\Localmotive\Localmotive.exe
[2026-09-11T22:35:11.9675491Z] NSIS install: C:\Users\WDAGUtilityAccount\Desktop\shared\Localmotive_0.6.0_x64-setup.exe
[2026-09-11T22:35:15.1152693Z] Post-update install executable version 0.6.0 digest 901e9f9514133464d65369157ce88c33e8f2d39f1a80b6a1edb0769665b3f3cd at C:\Users\WDAGUtilityAccount\AppData\Local\Localmotive\Localmotive.exe
[2026-09-11T22:35:15.1228625Z] Launch smoke: C:\Users\WDAGUtilityAccount\AppData\Local\Localmotive\Localmotive.exe
[2026-09-11T22:35:25.3363386Z] Startup smoke OK: the process survived 8 seconds; this is a startup smoke, not full functional verification
[2026-09-11T22:35:25.3376971Z] NSIS uninstall: C:\Users\WDAGUtilityAccount\AppData\Local\Localmotive\uninstall.exe
[2026-09-11T22:35:29.1293283Z] NSIS update path PASS
[2026-09-11T22:35:29.1293283Z] NSIS install: C:\Users\WDAGUtilityAccount\Desktop\shared\Localmotive_0.5.0_x64-setup.exe
[2026-09-11T22:35:32.2387360Z] Launch smoke: C:\Users\WDAGUtilityAccount\AppData\Local\Localmotive\Localmotive.exe
[2026-09-11T22:35:42.4254601Z] Startup smoke OK: the process survived 8 seconds; this is a startup smoke, not full functional verification
[2026-09-11T22:35:42.4412304Z] NSIS install: C:\Users\WDAGUtilityAccount\Desktop\shared\Localmotive_0.6.0_x64-setup.exe
[2026-09-11T22:35:45.5795281Z] Preservation upgrade executable version 0.6.0 digest 901e9f9514133464d65369157ce88c33e8f2d39f1a80b6a1edb0769665b3f3cd at C:\Users\WDAGUtilityAccount\AppData\Local\Localmotive\Localmotive.exe
[2026-09-11T22:35:45.5862713Z] Launch smoke: C:\Users\WDAGUtilityAccount\AppData\Local\Localmotive\Localmotive.exe
[2026-09-11T22:35:55.7864658Z] Startup smoke OK: the process survived 8 seconds; this is a startup smoke, not full functional verification
[2026-09-11T22:35:55.8021853Z] NSIS uninstall: C:\Users\WDAGUtilityAccount\AppData\Local\Localmotive\uninstall.exe
[2026-09-11T22:35:59.5751678Z] Preservation path PASS
[2026-09-11T22:35:59.5911524Z] NSIS-family installed payload digest consistent: 901e9f9514133464d65369157ce88c33e8f2d39f1a80b6a1edb0769665b3f3cd
[2026-09-11T22:35:59.6069990Z] OBSERVED: MSI payload digest bfd8999e042d59c86efe640c755e7c90e876de711fbc0f813f339e95b61325d2 differs from the NSIS payload digest 901e9f9514133464d65369157ce88c33e8f2d39f1a80b6a1edb0769665b3f3cd
[2026-09-11T22:35:59.6444697Z] ALL PASS
