
 RUN  v4.1.11 C:/Users/Mubarak/Documents/Projects/localmotive

 ❯ src/screens/TuneScreen.test.tsx (4 tests | 1 failed | 3 skipped) 47ms
     × keeps an input error visible while a prior report is displayed 46ms

⎯⎯⎯⎯⎯⎯⎯ Failed Tests 1 ⎯⎯⎯⎯⎯⎯⎯

 FAIL  src/screens/TuneScreen.test.tsx > TuneScreen presentation contract > keeps an input error visible while a prior report is displayed
AssertionError: expected undefined to be 'AI trials must be a whole number betw…' // Object.is equality

- Expected:
"AI trials must be a whole number between 1 and 12."

+ Received:
undefined

 ❯ src/screens/TuneScreen.test.tsx:120:69
    118|     })} />));
    119|     expect(container.textContent).toContain("Fixture prior report.");
    120|     expect(container.querySelector('[role="status"]')?.textContent).to…
       |                                                                     ^
    121|   });
    122|

⎯⎯⎯⎯⎯⎯⎯⎯⎯⎯⎯⎯⎯⎯⎯⎯⎯⎯⎯⎯⎯⎯⎯⎯[1/1]⎯


 Test Files  1 failed (1)
      Tests  1 failed | 3 skipped (4)
   Start at  02:55:34
   Duration  1.27s (transform 110ms, setup 0ms, import 232ms, tests 47ms, environment 850ms)

