   Compiling localmotive v0.6.0 (C:\Users\Mubarak\Documents\Projects\localmotive\src-tauri)
    Finished `test` profile [unoptimized + debuginfo] target(s) in 9.24s
     Running unittests src\lib.rs (target\debug\deps\localmotive_lib-694be1a6828a4ecd.exe)

running 4 tests
test measurement_service::legacy_ownership_tests::fixture_server ... ignored, contained HTTP fixture; invoked explicitly by legacy ownership tests
test measurement_service::legacy_ownership_tests::legacy_client_failure_does_not_publish_a_slot_or_keep_ownership ... ok
test measurement_service::legacy_ownership_tests::legacy_command_rejects_an_overlapping_request_before_http ... ok
test measurement_service::legacy_ownership_tests::legacy_cancellation_holds_ownership_until_the_request_drains ... ok

test result: ok. 3 passed; 0 failed; 1 ignored; 0 measured; 613 filtered out; finished in 2.15s

     Running unittests src\main.rs (target\debug\deps\localmotive-7f4f61c092604b5b.exe)

running 0 tests

test result: ok. 0 passed; 0 failed; 0 ignored; 0 measured; 0 filtered out; finished in 0.00s

    Finished `test` profile [unoptimized + debuginfo] target(s) in 0.45s
     Running unittests src\lib.rs (target\debug\deps\localmotive_lib-694be1a6828a4ecd.exe)

running 1 test
test core::tests::benchmark_rejects_unbounded_tokens_before_any_http_request ... ok

test result: ok. 1 passed; 0 failed; 0 ignored; 0 measured; 616 filtered out; finished in 0.01s

     Running unittests src\main.rs (target\debug\deps\localmotive-7f4f61c092604b5b.exe)

running 0 tests

test result: ok. 0 passed; 0 failed; 0 ignored; 0 measured; 0 filtered out; finished in 0.00s

