   Compiling localmotive v0.6.0 (C:\Users\Mubarak\Documents\Projects\localmotive\src-tauri)
warning: function `completion_request` is never used
    --> src\core.rs:2289:4
     |
2289 | fn completion_request(
     |    ^^^^^^^^^^^^^^^^^^
     |
     = note: `#[warn(dead_code)]` (part of `#[warn(unused)]`) on by default

warning: function `benchmark_server` is never used
    --> src\core.rs:2346:8
     |
2346 | pub fn benchmark_server(
     |        ^^^^^^^^^^^^^^^^

warning: `localmotive` (lib) generated 2 warnings
    Finished `test` profile [unoptimized + debuginfo] target(s) in 15.29s
     Running unittests src\lib.rs (target\debug\deps\localmotive_lib-694be1a6828a4ecd.exe)

running 3 tests
test measurement_service::legacy_ownership_tests::fixture_server ... ignored, contained HTTP fixture; invoked explicitly by legacy ownership tests
test measurement_service::legacy_ownership_tests::legacy_command_rejects_an_overlapping_request_before_http ... ok
test measurement_service::legacy_ownership_tests::legacy_cancellation_holds_ownership_until_the_request_drains ... ok

test result: ok. 2 passed; 0 failed; 1 ignored; 0 measured; 613 filtered out; finished in 2.12s

     Running unittests src\main.rs (target\debug\deps\localmotive-7f4f61c092604b5b.exe)

running 0 tests

test result: ok. 0 passed; 0 failed; 0 ignored; 0 measured; 0 filtered out; finished in 0.00s

