{
  "scope": "Working-tree UI diagnostic; not release qualification",
  "startedAt": "2026-09-20T01:41:29.605Z",
  "source": "bdb3c14c9170f0342ba0384738e2ffd23062970d",
  "sourceDirty": true,
  "executable": "C:\\Users\\Mubarak\\Documents\\Projects\\localmotive\\src-tauri\\target\\release\\localmotive.exe",
  "sha256": "e8413a616090c32907b204044d50f1833660f6fdba48b3e93037e06124441820",
  "checks": [
    {
      "id": "uninspected-speculation",
      "status": "PASS",
      "evidence": {
        "disabled": true,
        "values": [
          "none"
        ],
        "invalidChildren": 0
      }
    },
    {
      "id": "numeric-domains",
      "status": "PASS",
      "evidence": {
        "count": 41,
        "unbounded": 0
      }
    },
    {
      "id": "invalid-tuning-workload-refused-before-runtime",
      "status": "PASS",
      "evidence": {
        "message": "Tuning tokens must be between 64 and 2048"
      }
    },
    {
      "id": "raw-file-flags-require-profile-fields",
      "status": "PASS",
      "evidence": {
        "rejectedFlags": [
          "--lora",
          "--lora-scaled",
          "--mmproj"
        ]
      }
    },
    {
      "id": "invalid-benchmark-workload-refused-before-server",
      "status": "PASS",
      "evidence": {
        "message": "Tokens must be between 64 and 4096"
      }
    },
    {
      "id": "read_gguf_summary-rejects-junction",
      "status": "PASS",
      "evidence": {
        "refusedBeforeReading": true
      }
    },
    {
      "id": "inspect_model_artifact-rejects-junction",
      "status": "PASS",
      "evidence": {
        "refusedBeforeReading": true
      }
    },
    {
      "id": "invalid-save-refused",
      "status": "PASS",
      "evidence": {
        "persistedProfiles": 0
      }
    },
    {
      "id": "invalid-control-start-refused",
      "status": "PASS",
      "evidence": {
        "phase": "idle",
        "pid": null
      }
    },
    {
      "id": "blank-number-not-zero",
      "status": "PASS",
      "evidence": {
        "value": ""
      }
    },
    {
      "id": "corrected-profile-save",
      "status": "PASS",
      "evidence": {
        "context": 4096,
        "port": 8080
      }
    },
    {
      "id": "tune-input-maxTrials",
      "status": "PASS",
      "evidence": {
        "label": "AI trials",
        "blank": {
          "value": "",
          "valid": false,
          "disabled": true,
          "error": "AI trials must be a whole number between 1 and 12."
        },
        "rejected": {
          "disabled": true
        },
        "recovery": {
          "value": "12",
          "valid": true,
          "enabled": true,
          "error": null
        },
        "boundary": "real packaged controls; metadata-only readiness fixture; valid Tune action not clicked"
      }
    },
    {
      "id": "tune-input-tokens",
      "status": "PASS",
      "evidence": {
        "label": "Tokens per measurement",
        "blank": {
          "value": "",
          "valid": false,
          "disabled": true,
          "error": "Tokens per measurement must be a whole number between 64 and 2048."
        },
        "rejected": {
          "disabled": true
        },
        "recovery": {
          "value": "257",
          "valid": true,
          "enabled": true,
          "error": null
        },
        "boundary": "real packaged controls; metadata-only readiness fixture; valid Tune action not clicked"
      }
    },
    {
      "id": "tune-input-repeats",
      "status": "PASS",
      "evidence": {
        "label": "Repeats per trial",
        "blank": {
          "value": "",
          "valid": false,
          "disabled": true,
          "error": "Repeats per trial must be a whole number between 1 and 5."
        },
        "rejected": {
          "disabled": true
        },
        "recovery": {
          "value": "5",
          "valid": true,
          "enabled": true,
          "error": null
        },
        "boundary": "real packaged controls; metadata-only readiness fixture; valid Tune action not clicked"
      }
    },
    {
      "id": "benchmark-v2-input-promptTokens",
      "status": "PASS",
      "evidence": {
        "label": "Prompt tokens",
        "blank": {
          "value": "",
          "valid": false,
          "error": "workload.promptTokens: Value must be a whole number"
        },
        "rejected": {
          "value": "1048577",
          "valid": false,
          "error": "workload.promptTokens: Value cannot exceed 1048576"
        },
        "recovery": {
          "value": "1",
          "valid": true,
          "error": null
        },
        "boundary": "real packaged editing and validation; server idle; no benchmark action clicked"
      }
    },
    {
      "id": "benchmark-v2-input-generationTokens",
      "status": "PASS",
      "evidence": {
        "label": "Generated tokens",
        "blank": {
          "value": "",
          "valid": false,
          "error": "workload.generationTokens: Value must be a whole number"
        },
        "rejected": {
          "value": "65537",
          "valid": false,
          "error": "workload.generationTokens: Value cannot exceed 65536"
        },
        "recovery": {
          "value": "257",
          "valid": true,
          "error": null
        },
        "boundary": "real packaged editing and validation; server idle; no benchmark action clicked"
      }
    },
    {
      "id": "benchmark-v2-input-warmups",
      "status": "PASS",
      "evidence": {
        "label": "Warmups",
        "blank": {
          "value": "",
          "valid": false,
          "error": "workload.warmups: Value must be a whole number"
        },
        "rejected": {
          "value": "0.5",
          "valid": false,
          "error": "workload.warmups: Value must be a whole number"
        },
        "recovery": {
          "value": "0",
          "valid": true,
          "error": null
        },
        "boundary": "real packaged editing and validation; server idle; no benchmark action clicked"
      }
    },
    {
      "id": "benchmark-v2-input-trials",
      "status": "PASS",
      "evidence": {
        "label": "Trials",
        "blank": {
          "value": "",
          "valid": false,
          "error": "workload.trials: Value must be a whole number"
        },
        "rejected": {
          "value": "101",
          "valid": false,
          "error": "workload.trials: Value cannot exceed 100"
        },
        "recovery": {
          "value": "5",
          "valid": true,
          "error": null
        },
        "boundary": "real packaged editing and validation; server idle; no benchmark action clicked"
      }
    },
    {
      "id": "benchmark-legacy-input-tokens",
      "status": "PASS",
      "evidence": {
        "label": "Forced output tokens",
        "blank": {
          "value": "",
          "valid": false,
          "error": "Forced output tokens must be a whole number between 64 and 4096."
        },
        "rejected": {
          "value": "4097",
          "valid": false,
          "error": "Forced output tokens must be a whole number between 64 and 4096."
        },
        "recovery": {
          "value": "65",
          "valid": true,
          "error": null
        },
        "boundary": "real packaged editing and validation; server idle; no benchmark action clicked"
      }
    },
    {
      "id": "benchmark-legacy-input-repeats",
      "status": "PASS",
      "evidence": {
        "label": "Measured repeats",
        "blank": {
          "value": "",
          "valid": false,
          "error": "Measured repeats must be a whole number between 1 and 10."
        },
        "rejected": {
          "value": "11",
          "valid": false,
          "error": "Measured repeats must be a whole number between 1 and 10."
        },
        "recovery": {
          "value": "10",
          "valid": true,
          "error": null
        },
        "boundary": "real packaged editing and validation; server idle; no benchmark action clicked"
      }
    },
    {
      "id": "legacy-cancel-handle-survives-navigation-and-panel-publish",
      "status": "PASS",
      "evidence": {
        "setup": {
          "ownerHooks": 1,
          "boundary": "UI handle fixture only; no benchmark request or IPC replacement"
        },
        "visibleAfterNavigation": true,
        "retainedAfterPanelPublish": true,
        "cancelCallbacks": 1
      }
    },
    {
      "id": "idle-cancel-command-refuses-without-work",
      "status": "PASS",
      "evidence": {
        "message": "No benchmark is running",
        "boundary": "real IPC; no active Rust benchmark"
      }
    },
    {
      "id": "manual-update-disclosure",
      "status": "PASS",
      "evidence": {
        "button": true,
        "manual": true
      }
    },
    {
      "id": "about-mobile-layout",
      "status": "PASS",
      "evidence": {
        "width": 360,
        "scrollWidth": 350,
        "undersized": 0,
        "buttons": 6
      }
    },
    {
      "id": "uncaught-ui-errors",
      "status": "PASS",
      "evidence": {
        "count": 0
      }
    }
  ],
  "tuneBoundary": {
    "credentialMetadataHooks": 1,
    "boundary": "UI readiness metadata only; no stored credential or IPC replacement"
  },
  "cleanup": "PASS",
  "finishedAt": "2026-09-20T01:41:31.431Z",
  "status": "PASS"
}
