
> localmotive@0.6.0 tauri
> tauri build

        Info Looking up installed tauri packages to check mismatched versions...
        Warn The bundle identifier "io.github.localmotive.app" set in `"tauri.conf.json" identifier` ends with `.app`. This is not recommended because it conflicts with the application bundle extension on macOS.
     Running beforeBuildCommand `npm run build`

> localmotive@0.6.0 build
> tsc && vite build

[36mvite v7.3.6 [32mbuilding client environment for production...[36m[39m
transforming...
[32m✓[39m 1850 modules transformed.
rendering chunks...
computing gzip size...
[2mdist/[22m[32mindex.html                 [39m[1m[2m  1.16 kB[22m[1m[22m[2m │ gzip:   0.70 kB[22m
[2mdist/[22m[35massets/index-C3xfUeT9.css  [39m[1m[2m 43.15 kB[22m[1m[22m[2m │ gzip:   8.83 kB[22m
[2mdist/[22m[36massets/index-CovVhj32.js   [39m[1m[2m347.82 kB[22m[1m[22m[2m │ gzip: 104.71 kB[22m
[32m✓ built in 1.69s[39m
   Compiling localmotive v0.6.0 (C:\Users\Mubarak\Documents\Projects\localmotive\src-tauri)
    Finished `release` profile [optimized] target(s) in 37.84s
       Built application at: C:\Users\Mubarak\Documents\Projects\localmotive\src-tauri\target\release\localmotive.exe
        Info Patching C:\Users\Mubarak\Documents\Projects\localmotive\src-tauri\target\release\localmotive.exe with bundle type information: msi
        Info Target: x64
     Running candle for "C:\\Users\\Mubarak\\Documents\\Projects\\localmotive\\src-tauri\\target\\release\\wix\\x64\\main.wxs"
     Running light to produce C:\Users\Mubarak\Documents\Projects\localmotive\src-tauri\target\release\bundle\msi\Localmotive_0.6.0_x64_en-US.msi
        Info Patching C:\Users\Mubarak\Documents\Projects\localmotive\src-tauri\target\release\localmotive.exe with bundle type information: nsis
        Info Target: x64
     Running makensis to produce C:\Users\Mubarak\Documents\Projects\localmotive\src-tauri\target\release\bundle\nsis\Localmotive_0.6.0_x64-setup.exe
    Finished 2 bundles at:
        C:\Users\Mubarak\Documents\Projects\localmotive\src-tauri\target\release\bundle\msi\Localmotive_0.6.0_x64_en-US.msi
        C:\Users\Mubarak\Documents\Projects\localmotive\src-tauri\target\release\bundle\nsis\Localmotive_0.6.0_x64-setup.exe

