
 RUN  v4.1.11 C:/Users/Mubarak/Documents/Projects/localmotive

 ❯ src/App.staleResponses.test.tsx (34 tests | 2 failed | 32 skipped) 212ms
     × keeps a cleared Forced output tokens field blank 127ms
     × keeps a cleared Measured repeats field blank 85ms

⎯⎯⎯⎯⎯⎯⎯ Failed Tests 2 ⎯⎯⎯⎯⎯⎯⎯

 FAIL  src/App.staleResponses.test.tsx > legacy benchmark numeric inputs > keeps a cleared Forced output tokens field blank
 FAIL  src/App.staleResponses.test.tsx > legacy benchmark numeric inputs > keeps a cleared Measured repeats field blank
AssertionError: expected '0' to be '' // Object.is equality

- Expected
+ Received

+ 0

 ❯ src/App.staleResponses.test.tsx:385:39
    383|   it.each(["Forced output tokens", "Measured repeats"])("keeps a clear…
    384|     await setInputValue(profileInput(label), "");
    385|     expect(profileInput(label).value).toBe("");
       |                                       ^
    386|   });
    387| });

⎯⎯⎯⎯⎯⎯⎯⎯⎯⎯⎯⎯⎯⎯⎯⎯⎯⎯⎯⎯⎯⎯⎯⎯[1/2]⎯


 Test Files  1 failed (1)
      Tests  2 failed | 32 skipped (34)
   Start at  03:13:06
   Duration  1.71s (transform 314ms, setup 0ms, import 465ms, tests 212ms, environment 884ms)

